===================================
States & transitions (Open Project)
===================================
Initial: GettingGitUsername, effects: [GetGitUsername]
=> GettingGitUsername
    on: GitUsernameFound -> PersonalizedGreeting, effects: []
    on: GitUsernameNotFound -> GenericGreeting, effects: []
    on: UnableToGetGitUsername -> GenericGreeting, effects: []
=> PersonalizedGreeting
=> GenericGreeting
