=====================================
States & transitions (Traffic Lights)
=====================================
Initial: Green, effects: [BeginCountDown]
=> Green
    on: CountDownElapsed -> Yellow, effects: [BeginCountDown]
=> Yellow
    on: CountDownElapsed -> Red, effects: [BeginCountDown]
=> Red
    on: CountDownElapsed -> Green, effects: [BeginCountDown]
