{
  "id": "Open Project",
  "initial": "GettingGitUsername",
  "states": {
    "GettingGitUsername": {
      "on": {
        "GitUsernameFound": "PersonalizedGreeting",
        "GitUsernameNotFound": "GenericGreeting",
        "UnableToGetGitUsername": "GenericGreeting"
      }
    },
    "PersonalizedGreeting": {
      "type": "final"
    },
    "GenericGreeting": {
      "type": "final"
    }
  }
}

~ NOTE: Link to the viz tool: https://xstate.js.org/viz/ ~