{
  "id": "Traffic Lights",
  "initial": "Green",
  "states": {
    "Green": {
      "on": {
        "CountDownElapsed": "Yellow"
      }
    },
    "Yellow": {
      "on": {
        "CountDownElapsed": "Red"
      }
    },
    "Red": {
      "on": {
        "CountDownElapsed": "Green"
      }
    }
  }
}

~ NOTE: Link to the viz tool: https://xstate.js.org/viz/ ~