{
  "id": "Matter",
  "initial": "Solid",
  "states": {
    "Solid": {
      "on": {
        "Melt": "Liquid"
      }
    },
    "Liquid": {
      "on": {
        "Vaporize": "Gas",
        "Freeze": "Solid"
      }
    },
    "Gas": {
      "on": {
        "Condense": "Liquid"
      }
    }
  }
}

~ NOTE: Link to the viz tool: https://xstate.js.org/viz/ ~